AR mux2_1_muser_mux_2_3 behavioral C:/Users/umste/Desktop/Nanoprocessor/Mux_2_3.vhf sub00/vhpl89 1453450065
AR ha_muser_fa behavioral C:/Users/umste/Desktop/Nanoprocessor/FA.vhf sub01/vhpl121 1453450097
EN finalproc NULL C:/Users/umste/Desktop/Nanoprocessor/finalProc.vhf sub00/vhpl38 1453450012
AR adder_3_bit_muser_pc behavioral C:/Users/umste/Desktop/Nanoprocessor/PC.vhf sub00/vhpl73 1453450049
EN reg_bank NULL C:/Users/umste/Desktop/Nanoprocessor/Reg_Bank.vhf sub01/vhpl114 1453450090
EN mux_2_3_muser_finalproc NULL C:/Users/umste/Desktop/Nanoprocessor/finalProc.vhf sub00/vhpl30 1453450004
AR mux_2_4_muser_alunreg behavioral C:/Users/umste/Desktop/Nanoprocessor/ALUnReg.vhf sub00/vhpl49 1453450023
EN mux_8_4 NULL C:/Users/umste/Desktop/Nanoprocessor/MUX_8_4.vhf sub01/vhpl100 1453450076
EN decoder3_muser_finalproc NULL C:/Users/umste/Desktop/Nanoprocessor/finalProc.vhf sub00/vhpl14 1453449988
AR mux_8_4_muser_finalproc behavioral C:/Users/umste/Desktop/Nanoprocessor/finalProc.vhf sub00/vhpl19 1453449993
AR ins_decoder behavioral C:/Users/umste/Desktop/Nanoprocessor/INS_DECODER.vhf sub00/vhpl65 1453450039
AR mux2_1 behavioral C:/Users/umste/Desktop/Nanoprocessor/Mux2_1.vhf sub01/vhpl125 1453450101
AR ha_muser_finalproc behavioral C:/Users/umste/Desktop/Nanoprocessor/finalProc.vhf sub00/vhpl05 1453449979
AR adder_3_bit behavioral C:/Users/umste/Desktop/Nanoprocessor/ADDER_3_bit.vhf sub00/vhpl85 1453450061
AR alunreg_muser_finalproc behavioral C:/Users/umste/Desktop/Nanoprocessor/finalProc.vhf sub00/vhpl25 1453449999
AR decoder2_4_muser_finalproc behavioral C:/Users/umste/Desktop/Nanoprocessor/finalProc.vhf sub00/vhpl27 1453450001
EN mux2_1_muser_finalproc NULL C:/Users/umste/Desktop/Nanoprocessor/finalProc.vhf sub00/vhpl10 1453449984
AR or8_mxilinx_finalproc behavioral C:/Users/umste/Desktop/Nanoprocessor/finalProc.vhf sub00/vhpl17 1453449991
AR mux_2_4_muser_finalproc behavioral C:/Users/umste/Desktop/Nanoprocessor/finalProc.vhf sub00/vhpl13 1453449987
EN register_4_muser_finalproc NULL C:/Users/umste/Desktop/Nanoprocessor/finalProc.vhf sub00/vhpl20 1453449994
EN fa NULL C:/Users/umste/Desktop/Nanoprocessor/FA.vhf sub01/vhpl122 1453450098
AR register_4_muser_reg_bank behavioral C:/Users/umste/Desktop/Nanoprocessor/Reg_Bank.vhf sub01/vhpl113 1453450089
AR adder_3_bit_muser_finalproc behavioral C:/Users/umste/Desktop/Nanoprocessor/finalProc.vhf sub00/vhpl33 1453450007
AR ha_muser_adder_3_bit behavioral C:/Users/umste/Desktop/Nanoprocessor/ADDER_3_bit.vhf sub00/vhpl83 1453450059
EN fa_muser_finalproc NULL C:/Users/umste/Desktop/Nanoprocessor/finalProc.vhf sub00/vhpl06 1453449980
EN ha NULL C:/Users/umste/Desktop/Nanoprocessor/HA.vhf sub01/vhpl128 1453450104
EN rom NULL C:/Users/umste/Desktop/Nanoprocessor/ROM.vhf sub00/vhpl80 1453450056
AR rom behavioral C:/Users/umste/Desktop/Nanoprocessor/ROM.vhf sub00/vhpl81 1453450057
EN rom_muser_finalproc NULL C:/Users/umste/Desktop/Nanoprocessor/finalProc.vhf sub00/vhpl02 1453449976
EN decoder2_4_muser_finalproc NULL C:/Users/umste/Desktop/Nanoprocessor/finalProc.vhf sub00/vhpl26 1453450000
EN mux_2_3 NULL C:/Users/umste/Desktop/Nanoprocessor/Mux_2_3.vhf sub00/vhpl90 1453450066
EN ha_muser_rca NULL C:/Users/umste/Desktop/Nanoprocessor/RCA.vhf sub01/vhpl102 1453450078
AR rombank behavioral C:/Users/umste/Desktop/Nanoprocessor/ROMBANK.vhf sub01/vhpl117 1453450093
EN rca_muser_alunreg NULL C:/Users/umste/Desktop/Nanoprocessor/ALUnReg.vhf sub00/vhpl44 1453450018
AR ha_muser_pc behavioral C:/Users/umste/Desktop/Nanoprocessor/PC.vhf sub00/vhpl71 1453450047
EN mux_2_4 NULL C:/Users/umste/Desktop/Nanoprocessor/MUX_2_4.vhf sub00/vhpl94 1453450070
AR mux_8_4_muser_alunreg behavioral C:/Users/umste/Desktop/Nanoprocessor/ALUnReg.vhf sub00/vhpl55 1453450029
EN mux_2_3_muser_pc NULL C:/Users/umste/Desktop/Nanoprocessor/PC.vhf sub00/vhpl68 1453450044
EN mux_2_4_muser_finalproc NULL C:/Users/umste/Desktop/Nanoprocessor/finalProc.vhf sub00/vhpl12 1453449986
AR mux_2_3_muser_finalproc behavioral C:/Users/umste/Desktop/Nanoprocessor/finalProc.vhf sub00/vhpl31 1453450005
AR or8_mxilinx_alunreg behavioral C:/Users/umste/Desktop/Nanoprocessor/ALUnReg.vhf sub00/vhpl53 1453450027
AR ha behavioral C:/Users/umste/Desktop/Nanoprocessor/HA.vhf sub01/vhpl129 1453450105
AR fa_muser_finalproc behavioral C:/Users/umste/Desktop/Nanoprocessor/finalProc.vhf sub00/vhpl07 1453449981
EN fa_muser_rca NULL C:/Users/umste/Desktop/Nanoprocessor/RCA.vhf sub01/vhpl104 1453450080
AR alunreg behavioral C:/Users/umste/Desktop/Nanoprocessor/ALUnReg.vhf sub00/vhpl61 1453450035
AR rombank_muser_rom behavioral C:/Users/umste/Desktop/Nanoprocessor/ROM.vhf sub00/vhpl79 1453450055
AR decoder3_muser_mux_8_4 behavioral C:/Users/umste/Desktop/Nanoprocessor/MUX_8_4.vhf sub00/vhpl97 1453450073
EN mux_8_4_muser_finalproc NULL C:/Users/umste/Desktop/Nanoprocessor/finalProc.vhf sub00/vhpl18 1453449992
EN register_3_bit_muser_finalproc NULL C:/Users/umste/Desktop/Nanoprocessor/finalProc.vhf sub00/vhpl34 1453450008
AR pc_muser_finalproc behavioral C:/Users/umste/Desktop/Nanoprocessor/finalProc.vhf sub00/vhpl37 1453450011
EN decoder2_4 NULL C:/Users/umste/Desktop/Nanoprocessor/Decoder2_4.vhf sub00/vhpl86 1453450062
EN ins_decoder_muser_finalproc NULL C:/Users/umste/Desktop/Nanoprocessor/finalProc.vhf sub00/vhpl28 1453450002
EN pc_muser_finalproc NULL C:/Users/umste/Desktop/Nanoprocessor/finalProc.vhf sub00/vhpl36 1453450010
AR reg_bank_muser_finalproc behavioral C:/Users/umste/Desktop/Nanoprocessor/finalProc.vhf sub00/vhpl23 1453449997
EN reg_bank_muser_alunreg NULL C:/Users/umste/Desktop/Nanoprocessor/ALUnReg.vhf sub00/vhpl58 1453450032
EN mux2_1_muser_alunreg NULL C:/Users/umste/Desktop/Nanoprocessor/ALUnReg.vhf sub00/vhpl46 1453450020
EN pc NULL C:/Users/umste/Desktop/Nanoprocessor/PC.vhf sub00/vhpl76 1453450052
EN decoder3_muser_reg_bank NULL C:/Users/umste/Desktop/Nanoprocessor/Reg_Bank.vhf sub01/vhpl110 1453450086
AR decoder3_muser_reg_bank behavioral C:/Users/umste/Desktop/Nanoprocessor/Reg_Bank.vhf sub01/vhpl111 1453450087
AR fa_muser_alunreg behavioral C:/Users/umste/Desktop/Nanoprocessor/ALUnReg.vhf sub00/vhpl43 1453450017
EN register_4_muser_alunreg NULL C:/Users/umste/Desktop/Nanoprocessor/ALUnReg.vhf sub00/vhpl56 1453450030
AR register_3_bit_muser_pc behavioral C:/Users/umste/Desktop/Nanoprocessor/PC.vhf sub00/vhpl75 1453450051
EN mux_2_4_muser_alunreg NULL C:/Users/umste/Desktop/Nanoprocessor/ALUnReg.vhf sub00/vhpl48 1453450022
AR mux2_1_muser_mux_2_4 behavioral C:/Users/umste/Desktop/Nanoprocessor/MUX_2_4.vhf sub00/vhpl93 1453450069
EN register_3_bit_muser_pc NULL C:/Users/umste/Desktop/Nanoprocessor/PC.vhf sub00/vhpl74 1453450050
EN mux2_1_muser_pc NULL C:/Users/umste/Desktop/Nanoprocessor/PC.vhf sub00/vhpl66 1453450042
AR mux_2_3 behavioral C:/Users/umste/Desktop/Nanoprocessor/Mux_2_3.vhf sub00/vhpl91 1453450067
AR ha_muser_rca behavioral C:/Users/umste/Desktop/Nanoprocessor/RCA.vhf sub01/vhpl103 1453450079
AR decoder3_muser_finalproc behavioral C:/Users/umste/Desktop/Nanoprocessor/finalProc.vhf sub00/vhpl15 1453449989
AR finalproc behavioral C:/Users/umste/Desktop/Nanoprocessor/finalProc.vhf sub00/vhpl39 1453450013
AR decoder2_4_muser_ins_decoder behavioral C:/Users/umste/Desktop/Nanoprocessor/INS_DECODER.vhf sub00/vhpl63 1453450037
EN register_3_bit NULL C:/Users/umste/Desktop/Nanoprocessor/Register_3_bit.vhf sub01/vhpl108 1453450084
AR ins_decoder_muser_finalproc behavioral C:/Users/umste/Desktop/Nanoprocessor/finalProc.vhf sub00/vhpl29 1453450003
AR lut behavioral C:/Users/umste/Desktop/Nanoprocessor/LUT.vhf sub01/vhpl133 1453450041
AR mux2_1_muser_pc behavioral C:/Users/umste/Desktop/Nanoprocessor/PC.vhf sub00/vhpl67 1453450043
EN adder_3_bit NULL C:/Users/umste/Desktop/Nanoprocessor/ADDER_3_bit.vhf sub00/vhpl84 1453450060
AR rom_muser_finalproc behavioral C:/Users/umste/Desktop/Nanoprocessor/finalProc.vhf sub00/vhpl03 1453449977
AR lut_muser_finalproc behavioral C:/Users/umste/Desktop/Nanoprocessor/finalProc.vhf sub01/vhpl131 1453449973
AR fa_muser_rca behavioral C:/Users/umste/Desktop/Nanoprocessor/RCA.vhf sub01/vhpl105 1453450081
EN lut_muser_finalproc NULL C:/Users/umste/Desktop/Nanoprocessor/finalProc.vhf sub01/vhpl130 1453449972
EN ha_muser_alunreg NULL C:/Users/umste/Desktop/Nanoprocessor/ALUnReg.vhf sub00/vhpl40 1453450014
AR mux_2_3_muser_pc behavioral C:/Users/umste/Desktop/Nanoprocessor/PC.vhf sub00/vhpl69 1453450045
EN register_4 NULL C:/Users/umste/Desktop/Nanoprocessor/REGISTER_4.vhf sub01/vhpl126 1453450102
EN adder_3_bit_muser_finalproc NULL C:/Users/umste/Desktop/Nanoprocessor/finalProc.vhf sub00/vhpl32 1453450006
AR ha_muser_alunreg behavioral C:/Users/umste/Desktop/Nanoprocessor/ALUnReg.vhf sub00/vhpl41 1453450015
AR rca_muser_alunreg behavioral C:/Users/umste/Desktop/Nanoprocessor/ALUnReg.vhf sub00/vhpl45 1453450019
EN decoder3 NULL C:/Users/umste/Desktop/Nanoprocessor/Decoder3.vhf sub01/vhpl118 1453450094
EN or8_mxilinx_alunreg NULL C:/Users/umste/Desktop/Nanoprocessor/ALUnReg.vhf sub00/vhpl52 1453450026
EN rombank_muser_rom NULL C:/Users/umste/Desktop/Nanoprocessor/ROM.vhf sub00/vhpl78 1453450054
EN decoder3_muser_alunreg NULL C:/Users/umste/Desktop/Nanoprocessor/ALUnReg.vhf sub00/vhpl50 1453450024
EN register_4_muser_reg_bank NULL C:/Users/umste/Desktop/Nanoprocessor/Reg_Bank.vhf sub01/vhpl112 1453450088
EN lut NULL C:/Users/umste/Desktop/Nanoprocessor/LUT.vhf sub01/vhpl132 1453450040
AR mux2_1_muser_finalproc behavioral C:/Users/umste/Desktop/Nanoprocessor/finalProc.vhf sub00/vhpl11 1453449985
EN ha_muser_fa NULL C:/Users/umste/Desktop/Nanoprocessor/FA.vhf sub01/vhpl120 1453450096
AR fa behavioral C:/Users/umste/Desktop/Nanoprocessor/FA.vhf sub01/vhpl123 1453450099
EN or8_mxilinx_finalproc NULL C:/Users/umste/Desktop/Nanoprocessor/finalProc.vhf sub00/vhpl16 1453449990
AR rca behavioral C:/Users/umste/Desktop/Nanoprocessor/RCA.vhf sub01/vhpl107 1453450083
EN fa_muser_alunreg NULL C:/Users/umste/Desktop/Nanoprocessor/ALUnReg.vhf sub00/vhpl42 1453450016
EN ha_muser_adder_3_bit NULL C:/Users/umste/Desktop/Nanoprocessor/ADDER_3_bit.vhf sub00/vhpl82 1453450058
AR register_3_bit behavioral C:/Users/umste/Desktop/Nanoprocessor/Register_3_bit.vhf sub01/vhpl109 1453450085
EN decoder2_4_muser_ins_decoder NULL C:/Users/umste/Desktop/Nanoprocessor/INS_DECODER.vhf sub00/vhpl62 1453450036
AR decoder2_4 behavioral C:/Users/umste/Desktop/Nanoprocessor/Decoder2_4.vhf sub00/vhpl87 1453450063
EN mux2_1 NULL C:/Users/umste/Desktop/Nanoprocessor/Mux2_1.vhf sub01/vhpl124 1453450100
AR register_4_muser_finalproc behavioral C:/Users/umste/Desktop/Nanoprocessor/finalProc.vhf sub00/vhpl21 1453449995
EN alunreg NULL C:/Users/umste/Desktop/Nanoprocessor/ALUnReg.vhf sub00/vhpl60 1453450034
EN ha_muser_finalproc NULL C:/Users/umste/Desktop/Nanoprocessor/finalProc.vhf sub00/vhpl04 1453449978
AR decoder3 behavioral C:/Users/umste/Desktop/Nanoprocessor/Decoder3.vhf sub01/vhpl119 1453450095
AR decoder3_muser_alunreg behavioral C:/Users/umste/Desktop/Nanoprocessor/ALUnReg.vhf sub00/vhpl51 1453450025
EN rombank_muser_finalproc NULL C:/Users/umste/Desktop/Nanoprocessor/finalProc.vhf sub00/vhpl00 1453449974
AR mux2_1_muser_alunreg behavioral C:/Users/umste/Desktop/Nanoprocessor/ALUnReg.vhf sub00/vhpl47 1453450021
EN rca NULL C:/Users/umste/Desktop/Nanoprocessor/RCA.vhf sub01/vhpl106 1453450082
EN reg_bank_muser_finalproc NULL C:/Users/umste/Desktop/Nanoprocessor/finalProc.vhf sub00/vhpl22 1453449996
EN ins_decoder NULL C:/Users/umste/Desktop/Nanoprocessor/INS_DECODER.vhf sub00/vhpl64 1453450038
AR or8_mxilinx_mux_8_4 behavioral C:/Users/umste/Desktop/Nanoprocessor/MUX_8_4.vhf sub00/vhpl99 1453450075
AR register_4 behavioral C:/Users/umste/Desktop/Nanoprocessor/REGISTER_4.vhf sub01/vhpl127 1453450103
AR reg_bank_muser_alunreg behavioral C:/Users/umste/Desktop/Nanoprocessor/ALUnReg.vhf sub00/vhpl59 1453450033
AR rombank_muser_finalproc behavioral C:/Users/umste/Desktop/Nanoprocessor/finalProc.vhf sub00/vhpl01 1453449975
AR pc behavioral C:/Users/umste/Desktop/Nanoprocessor/PC.vhf sub00/vhpl77 1453450053
EN alunreg_muser_finalproc NULL C:/Users/umste/Desktop/Nanoprocessor/finalProc.vhf sub00/vhpl24 1453449998
EN or8_mxilinx_mux_8_4 NULL C:/Users/umste/Desktop/Nanoprocessor/MUX_8_4.vhf sub00/vhpl98 1453450074
EN ha_muser_pc NULL C:/Users/umste/Desktop/Nanoprocessor/PC.vhf sub00/vhpl70 1453450046
EN decoder3_muser_mux_8_4 NULL C:/Users/umste/Desktop/Nanoprocessor/MUX_8_4.vhf sub00/vhpl96 1453450072
AR mux_8_4 behavioral C:/Users/umste/Desktop/Nanoprocessor/MUX_8_4.vhf sub01/vhpl101 1453450077
EN adder_3_bit_muser_pc NULL C:/Users/umste/Desktop/Nanoprocessor/PC.vhf sub00/vhpl72 1453450048
EN mux2_1_muser_mux_2_3 NULL C:/Users/umste/Desktop/Nanoprocessor/Mux_2_3.vhf sub00/vhpl88 1453450064
EN mux2_1_muser_mux_2_4 NULL C:/Users/umste/Desktop/Nanoprocessor/MUX_2_4.vhf sub00/vhpl92 1453450068
AR register_4_muser_alunreg behavioral C:/Users/umste/Desktop/Nanoprocessor/ALUnReg.vhf sub00/vhpl57 1453450031
AR mux_2_4 behavioral C:/Users/umste/Desktop/Nanoprocessor/MUX_2_4.vhf sub00/vhpl95 1453450071
EN rca_muser_finalproc NULL C:/Users/umste/Desktop/Nanoprocessor/finalProc.vhf sub00/vhpl08 1453449982
AR register_3_bit_muser_finalproc behavioral C:/Users/umste/Desktop/Nanoprocessor/finalProc.vhf sub00/vhpl35 1453450009
AR reg_bank behavioral C:/Users/umste/Desktop/Nanoprocessor/Reg_Bank.vhf sub01/vhpl115 1453450091
EN rombank NULL C:/Users/umste/Desktop/Nanoprocessor/ROMBANK.vhf sub01/vhpl116 1453450092
AR rca_muser_finalproc behavioral C:/Users/umste/Desktop/Nanoprocessor/finalProc.vhf sub00/vhpl09 1453449983
EN mux_8_4_muser_alunreg NULL C:/Users/umste/Desktop/Nanoprocessor/ALUnReg.vhf sub00/vhpl54 1453450028
